#-----------------------------------------------------------
# Vivado v2019.2 (64-bit)
# SW Build 2708876 on Wed Nov  6 21:40:23 MST 2019
# IP Build 2700528 on Thu Nov  7 00:09:20 MST 2019
# Start of session at: Thu May 18 11:17:14 2023
# Process ID: 49236
# Current directory: D:/my_project/COS/3/MIPS_multi_cycle
# Command line: vivado.exe -gui_launcher_event rodinguilauncherevent48052 D:\my_project\COS\3\MIPS_multi_cycle\MIPS_multi_cycle.xpr
# Log file: D:/my_project/COS/3/MIPS_multi_cycle/vivado.log
# Journal file: D:/my_project/COS/3/MIPS_multi_cycle\vivado.jou
#-----------------------------------------------------------
start_gui
open_project D:/my_project/COS/3/MIPS_multi_cycle/MIPS_multi_cycle.xpr
update_compile_order -fileset sources_1
launch_simulation
launch_simulation
open_wave_config D:/my_project/COS/3/MIPS_multi_cycle/testbench_behav.wcfg
source testbench.tcl
close_sim
launch_simulation
open_wave_config D:/my_project/COS/3/MIPS_multi_cycle/testbench_behav.wcfg
source testbench.tcl
close_sim
